Warning: You are sending unauthenticated requests to the HF Hub. Please set a HF_TOKEN to enable higher rate limits and faster downloads.
Loading weights:   0%|          | 0/103 [00:00<?, ?it/s]Loading weights: 100%|██████████| 103/103 [00:00<00:00, 6778.91it/s]
/opt/anaconda3/lib/python3.13/multiprocessing/resource_tracker.py:324: UserWarning: resource_tracker: There appear to be 1 leaked semaphore objects to clean up at shutdown: {'/loky-73139-2khf6x3o'}
  warnings.warn(
Collecting up to all prompts (threads=4, max_tokens=64)
[1/150] skip existing
[2/150] skip existing
[3/150] skip existing
[4/150] running small model...
[4/150] running large model...
[4/150] loading embedding model...
Warning: You are sending unauthenticated requests to the HF Hub. Please set a HF_TOKEN to enable higher rate limits and faster downloads.
Loading weights:   0%|          | 0/103 [00:00<?, ?it/s]Loading weights: 100%|██████████| 103/103 [00:00<00:00, 5076.12it/s]
  sim=0.8843 small_sufficient=True (2457ms + 39485ms)
[5/150] running small model...
[5/150] running large model...
  sim=0.9132 small_sufficient=True (3211ms + 38014ms)
[6/150] running small model...
[6/150] running large model...
  sim=0.8834 small_sufficient=True (3238ms + 23578ms)
[7/150] running small model...
[7/150] running large model...
  sim=0.9824 small_sufficient=True (1826ms + 18644ms)
[8/150] running small model...
[8/150] running large model...
  sim=0.8975 small_sufficient=True (2408ms + 23161ms)
[9/150] running small model...
[9/150] running large model...
  sim=0.8912 small_sufficient=True (1948ms + 20330ms)
[10/150] running small model...
[10/150] running large model...
  sim=0.9078 small_sufficient=True (2426ms + 28159ms)
[11/150] running small model...
[11/150] running large model...
  sim=0.9105 small_sufficient=True (2031ms + 22480ms)
[12/150] running small model...
[12/150] running large model...
  sim=0.8122 small_sufficient=False (2371ms + 27256ms)
[13/150] running small model...
[13/150] running large model...
  sim=0.9230 small_sufficient=True (3008ms + 26437ms)
[14/150] running small model...
[14/150] running large model...
  sim=0.9394 small_sufficient=True (2767ms + 25199ms)
[15/150] running small model...
[15/150] running large model...
  sim=0.8684 small_sufficient=True (2041ms + 29326ms)
[16/150] running small model...
[16/150] running large model...
  sim=0.9642 small_sufficient=True (2443ms + 27462ms)
[17/150] running small model...
[17/150] running large model...
  sim=0.7664 small_sufficient=False (1877ms + 19670ms)
[18/150] running small model...
[18/150] running large model...
  sim=0.9080 small_sufficient=True (2114ms + 36105ms)
[19/150] running small model...
[19/150] running large model...
  sim=0.4083 small_sufficient=False (2973ms + 33356ms)
[20/150] running small model...
[20/150] running large model...
  sim=0.9698 small_sufficient=True (3271ms + 40953ms)
[21/150] running small model...
[21/150] running large model...
  sim=0.9247 small_sufficient=True (2552ms + 39206ms)
[22/150] running small model...
[22/150] running large model...
  sim=0.8284 small_sufficient=False (2110ms + 58758ms)
[23/150] running small model...
[23/150] running large model...
  sim=0.8071 small_sufficient=False (3799ms + 84857ms)
[24/150] running small model...
[24/150] running large model...
  sim=0.8797 small_sufficient=True (2006ms + 44960ms)
[25/150] running small model...
[25/150] running large model...
  sim=0.9556 small_sufficient=True (2716ms + 51977ms)
[26/150] running small model...
[26/150] running large model...
  sim=0.9881 small_sufficient=True (2336ms + 29184ms)
[27/150] running small model...
[27/150] running large model...
  sim=1.0000 small_sufficient=True (1976ms + 29700ms)
[28/150] running small model...
[28/150] running large model...
  sim=0.9653 small_sufficient=True (3207ms + 27841ms)
[29/150] running small model...
[29/150] running large model...
  sim=0.8905 small_sufficient=True (2006ms + 65390ms)
[30/150] running small model...
[30/150] running large model...
  sim=0.7161 small_sufficient=False (2663ms + 44356ms)
[31/150] running small model...
[31/150] running large model...
  sim=0.8385 small_sufficient=False (1932ms + 47493ms)
[32/150] running small model...
[32/150] running large model...
  sim=0.8815 small_sufficient=True (2251ms + 57637ms)
[33/150] running small model...
[33/150] running large model...
  sim=0.9787 small_sufficient=True (3316ms + 34770ms)
Reached --max-new 30, stopping batch.
Appended 30 labeled rows to /Users/rohanmadan/ai-sdk/adaptive-router/data/labeled_requests.csv
Collecting up to all prompts (threads=4, max_tokens=64)
[1/150] skip existing
[2/150] skip existing
[3/150] skip existing
[4/150] skip existing
[5/150] skip existing
[6/150] skip existing
[7/150] skip existing
[8/150] skip existing
[9/150] skip existing
[10/150] skip existing
[11/150] skip existing
[12/150] skip existing
[13/150] skip existing
[14/150] skip existing
[15/150] skip existing
[16/150] skip existing
[17/150] skip existing
[18/150] skip existing
[19/150] skip existing
[20/150] skip existing
[21/150] skip existing
[22/150] skip existing
[23/150] skip existing
[24/150] skip existing
[25/150] skip existing
[26/150] skip existing
[27/150] skip existing
[28/150] skip existing
[29/150] skip existing
[30/150] skip existing
[31/150] skip existing
[32/150] skip existing
[33/150] skip existing
[34/150] running small model...
[34/150] running large model...
[34/150] loading embedding model...
Warning: You are sending unauthenticated requests to the HF Hub. Please set a HF_TOKEN to enable higher rate limits and faster downloads.
Loading weights:   0%|          | 0/103 [00:00<?, ?it/s]Loading weights: 100%|██████████| 103/103 [00:00<00:00, 5770.26it/s]
  sim=1.0000 small_sufficient=True (2450ms + 37286ms)
[35/150] running small model...
[35/150] running large model...
  sim=1.0000 small_sufficient=True (1955ms + 35768ms)
[36/150] running small model...
[36/150] running large model...
  sim=0.8969 small_sufficient=True (13167ms + 53329ms)
[37/150] running small model...
[37/150] running large model...
  sim=0.8491 small_sufficient=False (4599ms + 52408ms)
[38/150] running small model...
[38/150] running large model...
  sim=0.9463 small_sufficient=True (2603ms + 48990ms)
[39/150] running small model...
[39/150] running large model...
  sim=0.7401 small_sufficient=False (2294ms + 56059ms)
[40/150] running small model...
[40/150] running large model...
  sim=0.9734 small_sufficient=True (3171ms + 32761ms)
[41/150] running small model...
[41/150] running large model...
  sim=0.7719 small_sufficient=False (2063ms + 38906ms)
[42/150] running small model...
[42/150] running large model...
  sim=0.9203 small_sufficient=True (2171ms + 32268ms)
[43/150] running small model...
[43/150] running large model...
  sim=1.0000 small_sufficient=True (2058ms + 25668ms)
[44/150] running small model...
[44/150] running large model...
  sim=0.7601 small_sufficient=False (2197ms + 35711ms)
[45/150] running small model...
[45/150] running large model...
  sim=0.9876 small_sufficient=True (2429ms + 25761ms)
[46/150] running small model...
[46/150] running large model...
  sim=1.0000 small_sufficient=True (1858ms + 21623ms)
[47/150] running small model...
[47/150] running large model...
  sim=0.8682 small_sufficient=True (3862ms + 35073ms)
[48/150] running small model...
[48/150] running large model...
  sim=0.8556 small_sufficient=True (1930ms + 35724ms)
[49/150] running small model...
[49/150] running large model...
  sim=0.7771 small_sufficient=False (3190ms + 45852ms)
[50/150] running small model...
[50/150] running large model...
  sim=0.8846 small_sufficient=True (2038ms + 34512ms)
[51/150] running small model...
[51/150] running large model...
  sim=1.0000 small_sufficient=True (2141ms + 29422ms)
[52/150] running small model...
[52/150] running large model...
  sim=0.6622 small_sufficient=False (3277ms + 41003ms)
[53/150] running small model...
[53/150] running large model...
  sim=0.9310 small_sufficient=True (3647ms + 49886ms)
[54/150] running small model...
[54/150] running large model...
  sim=0.9083 small_sufficient=True (7196ms + 36897ms)
[55/150] running small model...
[55/150] running large model...
  sim=0.9014 small_sufficient=True (4059ms + 41837ms)
[56/150] running small model...
[56/150] running large model...
  sim=0.9016 small_sufficient=True (5697ms + 33294ms)
[57/150] running small model...
[57/150] running large model...
  sim=0.8609 small_sufficient=True (3835ms + 25005ms)
[58/150] running small model...
[58/150] running large model...
  sim=0.9174 small_sufficient=True (3749ms + 27928ms)
[59/150] running small model...
[59/150] running large model...
  sim=0.9015 small_sufficient=True (4943ms + 31370ms)
[60/150] running small model...
[60/150] running large model...
  sim=0.8920 small_sufficient=True (3416ms + 30270ms)
[61/150] running small model...
[61/150] running large model...
  sim=0.8199 small_sufficient=False (4684ms + 38462ms)
[62/150] running small model...
[62/150] running large model...
  sim=0.9623 small_sufficient=True (3614ms + 27390ms)
[63/150] running small model...
[63/150] running large model...
  sim=0.9688 small_sufficient=True (3639ms + 67655ms)
Reached --max-new 30, stopping batch.
Appended 30 labeled rows to /Users/rohanmadan/ai-sdk/adaptive-router/data/labeled_requests.csv
Collecting up to all prompts (threads=4, max_tokens=64)
[1/150] skip existing
[2/150] skip existing
[3/150] skip existing
[4/150] skip existing
[5/150] skip existing
[6/150] skip existing
[7/150] skip existing
[8/150] skip existing
[9/150] skip existing
[10/150] skip existing
[11/150] skip existing
[12/150] skip existing
[13/150] skip existing
[14/150] skip existing
[15/150] skip existing
[16/150] skip existing
[17/150] skip existing
[18/150] skip existing
[19/150] skip existing
[20/150] skip existing
[21/150] skip existing
[22/150] skip existing
[23/150] skip existing
[24/150] skip existing
[25/150] skip existing
[26/150] skip existing
[27/150] skip existing
[28/150] skip existing
[29/150] skip existing
[30/150] skip existing
[31/150] skip existing
[32/150] skip existing
[33/150] skip existing
[34/150] skip existing
[35/150] skip existing
[36/150] skip existing
[37/150] skip existing
[38/150] skip existing
[39/150] skip existing
[40/150] skip existing
[41/150] skip existing
[42/150] skip existing
[43/150] skip existing
[44/150] skip existing
[45/150] skip existing
[46/150] skip existing
[47/150] skip existing
[48/150] skip existing
[49/150] skip existing
[50/150] skip existing
[51/150] skip existing
[52/150] skip existing
[53/150] skip existing
[54/150] skip existing
[55/150] skip existing
[56/150] skip existing
[57/150] skip existing
[58/150] skip existing
[59/150] skip existing
[60/150] skip existing
[61/150] skip existing
[62/150] skip existing
[63/150] skip existing
[64/150] running small model...
[64/150] running large model...
[64/150] loading embedding model...
Warning: You are sending unauthenticated requests to the HF Hub. Please set a HF_TOKEN to enable higher rate limits and faster downloads.
Loading weights:   0%|          | 0/103 [00:00<?, ?it/s]Loading weights: 100%|██████████| 103/103 [00:00<00:00, 5240.59it/s]
  sim=0.9398 small_sufficient=True (15949ms + 58394ms)
[65/150] running small model...
[65/150] running large model...
  sim=0.9409 small_sufficient=True (3323ms + 46814ms)
[66/150] running small model...
[66/150] running large model...
  sim=0.9022 small_sufficient=True (2984ms + 37952ms)
[67/150] running small model...
[67/150] running large model...
  sim=0.9246 small_sufficient=True (2915ms + 40394ms)
[68/150] running small model...
[68/150] running large model...
  sim=0.8287 small_sufficient=False (3427ms + 48825ms)
[69/150] running small model...
[69/150] running large model...
  sim=0.9274 small_sufficient=True (4352ms + 37251ms)
[70/150] running small model...
[70/150] running large model...
  sim=0.8203 small_sufficient=False (3564ms + 33304ms)
[71/150] running small model...
[71/150] running large model...
  sim=0.8740 small_sufficient=True (3042ms + 34122ms)
[72/150] running small model...
[72/150] running large model...
  sim=0.8896 small_sufficient=True (3001ms + 26385ms)
[73/150] running small model...
[73/150] running large model...
  sim=0.9232 small_sufficient=True (3013ms + 33934ms)
[74/150] running small model...
[74/150] running large model...
  sim=0.7621 small_sufficient=False (2889ms + 27511ms)
[75/150] running small model...
[75/150] running large model...
  sim=0.8996 small_sufficient=True (3059ms + 33581ms)
[76/150] running small model...
[76/150] running large model...
  sim=0.9220 small_sufficient=True (3413ms + 39218ms)
[77/150] running small model...
[77/150] running large model...
  sim=0.8853 small_sufficient=True (2989ms + 34025ms)
[78/150] running small model...
[78/150] running large model...
  sim=0.9380 small_sufficient=True (3356ms + 36666ms)
[79/150] running small model...
[79/150] running large model...
  sim=0.9387 small_sufficient=True (3269ms + 35915ms)
[80/150] running small model...
[80/150] running large model...
  sim=0.8781 small_sufficient=True (3012ms + 29236ms)
[81/150] running small model...
[81/150] running large model...
  sim=0.9261 small_sufficient=True (2994ms + 36724ms)
[82/150] running small model...
[82/150] running large model...
  sim=0.8677 small_sufficient=True (3287ms + 36310ms)
[83/150] running small model...
[83/150] running large model...
  sim=0.9371 small_sufficient=True (3066ms + 29116ms)
[84/150] running small model...
[84/150] running large model...
  sim=0.8762 small_sufficient=True (2990ms + 48234ms)
[85/150] running small model...
[85/150] running large model...
  sim=0.9275 small_sufficient=True (3762ms + 39090ms)
[86/150] running small model...
[86/150] running large model...
  sim=0.9628 small_sufficient=True (4433ms + 27312ms)
[87/150] running small model...
[87/150] running large model...
  sim=0.8682 small_sufficient=True (3182ms + 31418ms)
[88/150] running small model...
[88/150] running large model...
  sim=0.9236 small_sufficient=True (2913ms + 37920ms)
[89/150] running small model...
[89/150] running large model...
  sim=0.9489 small_sufficient=True (3289ms + 37962ms)
[90/150] running small model...
[90/150] running large model...
  sim=0.8887 small_sufficient=True (3425ms + 38957ms)
[91/150] running small model...
[91/150] running large model...
  sim=0.9678 small_sufficient=True (2995ms + 36054ms)
[92/150] running small model...
[92/150] running large model...
  sim=0.9607 small_sufficient=True (3119ms + 41451ms)
[93/150] running small model...
[93/150] running large model...
  sim=0.9442 small_sufficient=True (3116ms + 35784ms)
Reached --max-new 30, stopping batch.
Appended 30 labeled rows to /Users/rohanmadan/ai-sdk/adaptive-router/data/labeled_requests.csv
Collecting up to all prompts (threads=4, max_tokens=64)
[1/150] skip existing
[2/150] skip existing
[3/150] skip existing
[4/150] skip existing
[5/150] skip existing
[6/150] skip existing
[7/150] skip existing
[8/150] skip existing
[9/150] skip existing
[10/150] skip existing
[11/150] skip existing
[12/150] skip existing
[13/150] skip existing
[14/150] skip existing
[15/150] skip existing
[16/150] skip existing
[17/150] skip existing
[18/150] skip existing
[19/150] skip existing
[20/150] skip existing
[21/150] skip existing
[22/150] skip existing
[23/150] skip existing
[24/150] skip existing
[25/150] skip existing
[26/150] skip existing
[27/150] skip existing
[28/150] skip existing
[29/150] skip existing
[30/150] skip existing
[31/150] skip existing
[32/150] skip existing
[33/150] skip existing
[34/150] skip existing
[35/150] skip existing
[36/150] skip existing
[37/150] skip existing
[38/150] skip existing
[39/150] skip existing
[40/150] skip existing
[41/150] skip existing
[42/150] skip existing
[43/150] skip existing
[44/150] skip existing
[45/150] skip existing
[46/150] skip existing
[47/150] skip existing
[48/150] skip existing
[49/150] skip existing
[50/150] skip existing
[51/150] skip existing
[52/150] skip existing
[53/150] skip existing
[54/150] skip existing
[55/150] skip existing
[56/150] skip existing
[57/150] skip existing
[58/150] skip existing
[59/150] skip existing
[60/150] skip existing
[61/150] skip existing
[62/150] skip existing
[63/150] skip existing
[64/150] skip existing
[65/150] skip existing
[66/150] skip existing
[67/150] skip existing
[68/150] skip existing
[69/150] skip existing
[70/150] skip existing
[71/150] skip existing
[72/150] skip existing
[73/150] skip existing
[74/150] skip existing
[75/150] skip existing
[76/150] skip existing
[77/150] skip existing
[78/150] skip existing
[79/150] skip existing
[80/150] skip existing
[81/150] skip existing
[82/150] skip existing
[83/150] skip existing
[84/150] skip existing
[85/150] skip existing
[86/150] skip existing
[87/150] skip existing
[88/150] skip existing
[89/150] skip existing
[90/150] skip existing
[91/150] skip existing
[92/150] skip existing
[93/150] skip existing
[94/150] running small model...
[94/150] running large model...
[94/150] loading embedding model...
Warning: You are sending unauthenticated requests to the HF Hub. Please set a HF_TOKEN to enable higher rate limits and faster downloads.
Loading weights:   0%|          | 0/103 [00:00<?, ?it/s]Loading weights: 100%|██████████| 103/103 [00:00<00:00, 1197.70it/s]
  sim=0.8228 small_sufficient=False (3697ms + 54917ms)
[95/150] running small model...
[95/150] running large model...
  sim=0.8789 small_sufficient=True (3513ms + 43068ms)
[96/150] running small model...
[96/150] running large model...
  sim=0.9505 small_sufficient=True (4805ms + 37637ms)
[97/150] running small model...
[97/150] running large model...
  sim=0.9042 small_sufficient=True (3494ms + 37728ms)
[98/150] running small model...
[98/150] running large model...
  sim=0.9505 small_sufficient=True (3409ms + 36102ms)
[99/150] running small model...
[99/150] running large model...
  sim=0.9260 small_sufficient=True (3134ms + 33805ms)
[100/150] running small model...
[100/150] running large model...
  sim=0.9047 small_sufficient=True (3463ms + 36400ms)
[101/150] running small model...
[101/150] running large model...
  sim=0.9665 small_sufficient=True (3118ms + 43598ms)
[102/150] running small model...
[102/150] running large model...
  sim=0.8944 small_sufficient=True (3758ms + 57113ms)
[103/150] running small model...
[103/150] running large model...
  sim=0.8149 small_sufficient=False (4227ms + 42018ms)
[104/150] running small model...
[104/150] running large model...
  sim=0.8475 small_sufficient=False (3020ms + 31777ms)
[105/150] running small model...
[105/150] running large model...
  sim=0.5716 small_sufficient=False (2803ms + 25732ms)
[106/150] running small model...
[106/150] running large model...
  sim=0.9424 small_sufficient=True (2884ms + 32064ms)
[107/150] running small model...
[107/150] running large model...
  sim=0.9531 small_sufficient=True (3235ms + 27043ms)
[108/150] running small model...
[108/150] running large model...
  sim=0.7178 small_sufficient=False (3103ms + 39288ms)
[109/150] running small model...
[109/150] running large model...
  sim=0.9393 small_sufficient=True (2979ms + 41868ms)
[110/150] running small model...
[110/150] running large model...
  sim=0.9271 small_sufficient=True (3005ms + 29230ms)
[111/150] running small model...
[111/150] running large model...
  sim=0.6358 small_sufficient=False (3124ms + 32759ms)
[112/150] running small model...
[112/150] running large model...
  sim=0.9292 small_sufficient=True (3858ms + 39816ms)
[113/150] running small model...
[113/150] running large model...
  sim=0.9224 small_sufficient=True (8028ms + 58006ms)
[114/150] running small model...
[114/150] running large model...
  sim=0.9729 small_sufficient=True (3985ms + 62751ms)
[115/150] running small model...
[115/150] running large model...
  sim=0.8540 small_sufficient=True (3740ms + 46455ms)
[116/150] running small model...
[116/150] running large model...
  sim=0.9137 small_sufficient=True (3895ms + 47250ms)
[117/150] running small model...
[117/150] running large model...
  sim=0.8686 small_sufficient=True (3351ms + 40904ms)
[118/150] running small model...
[118/150] running large model...
  sim=0.9039 small_sufficient=True (3418ms + 36480ms)
[119/150] running small model...
[119/150] running large model...
  sim=0.9729 small_sufficient=True (4564ms + 41595ms)
[120/150] running small model...
[120/150] running large model...
  sim=0.8323 small_sufficient=False (3487ms + 69488ms)
[121/150] running small model...
[121/150] running large model...
  sim=0.9527 small_sufficient=True (6124ms + 60291ms)
[122/150] running small model...
[122/150] running large model...
  sim=0.9040 small_sufficient=True (4853ms + 47217ms)
[123/150] running small model...
[123/150] running large model...
  sim=0.8774 small_sufficient=True (5588ms + 59492ms)
Reached --max-new 30, stopping batch.
Appended 30 labeled rows to /Users/rohanmadan/ai-sdk/adaptive-router/data/labeled_requests.csv
Collecting up to all prompts (threads=4, max_tokens=64)
[1/150] skip existing
[2/150] skip existing
[3/150] skip existing
[4/150] skip existing
[5/150] skip existing
[6/150] skip existing
[7/150] skip existing
[8/150] skip existing
[9/150] skip existing
[10/150] skip existing
[11/150] skip existing
[12/150] skip existing
[13/150] skip existing
[14/150] skip existing
[15/150] skip existing
[16/150] skip existing
[17/150] skip existing
[18/150] skip existing
[19/150] skip existing
[20/150] skip existing
[21/150] skip existing
[22/150] skip existing
[23/150] skip existing
[24/150] skip existing
[25/150] skip existing
[26/150] skip existing
[27/150] skip existing
[28/150] skip existing
[29/150] skip existing
[30/150] skip existing
[31/150] skip existing
[32/150] skip existing
[33/150] skip existing
[34/150] skip existing
[35/150] skip existing
[36/150] skip existing
[37/150] skip existing
[38/150] skip existing
[39/150] skip existing
[40/150] skip existing
[41/150] skip existing
[42/150] skip existing
[43/150] skip existing
[44/150] skip existing
[45/150] skip existing
[46/150] skip existing
[47/150] skip existing
[48/150] skip existing
[49/150] skip existing
[50/150] skip existing
[51/150] skip existing
[52/150] skip existing
[53/150] skip existing
[54/150] skip existing
[55/150] skip existing
[56/150] skip existing
[57/150] skip existing
[58/150] skip existing
[59/150] skip existing
[60/150] skip existing
[61/150] skip existing
[62/150] skip existing
[63/150] skip existing
[64/150] skip existing
[65/150] skip existing
[66/150] skip existing
[67/150] skip existing
[68/150] skip existing
[69/150] skip existing
[70/150] skip existing
[71/150] skip existing
[72/150] skip existing
[73/150] skip existing
[74/150] skip existing
[75/150] skip existing
[76/150] skip existing
[77/150] skip existing
[78/150] skip existing
[79/150] skip existing
[80/150] skip existing
[81/150] skip existing
[82/150] skip existing
[83/150] skip existing
[84/150] skip existing
[85/150] skip existing
[86/150] skip existing
[87/150] skip existing
[88/150] skip existing
[89/150] skip existing
[90/150] skip existing
[91/150] skip existing
[92/150] skip existing
[93/150] skip existing
[94/150] skip existing
[95/150] skip existing
[96/150] skip existing
[97/150] skip existing
[98/150] skip existing
[99/150] skip existing
[100/150] skip existing
[101/150] skip existing
[102/150] skip existing
[103/150] skip existing
[104/150] skip existing
[105/150] skip existing
[106/150] skip existing
[107/150] skip existing
[108/150] skip existing
[109/150] skip existing
[110/150] skip existing
[111/150] skip existing
[112/150] skip existing
[113/150] skip existing
[114/150] skip existing
[115/150] skip existing
[116/150] skip existing
[117/150] skip existing
[118/150] skip existing
[119/150] skip existing
[120/150] skip existing
[121/150] skip existing
[122/150] skip existing
[123/150] skip existing
[124/150] running small model...
[124/150] running large model...
[124/150] loading embedding model...
Warning: You are sending unauthenticated requests to the HF Hub. Please set a HF_TOKEN to enable higher rate limits and faster downloads.
Loading weights:   0%|          | 0/103 [00:00<?, ?it/s]Loading weights: 100%|██████████| 103/103 [00:00<00:00, 5528.43it/s]
  sim=0.8352 small_sufficient=False (5339ms + 45425ms)
[125/150] running small model...
[125/150] running large model...
  sim=0.9162 small_sufficient=True (3123ms + 51017ms)
[126/150] running small model...
[126/150] running large model...
  sim=0.9489 small_sufficient=True (5118ms + 50127ms)
[127/150] running small model...
[127/150] running large model...
  sim=0.8839 small_sufficient=True (3758ms + 44321ms)
[128/150] running small model...
[128/150] running large model...
  sim=0.5941 small_sufficient=False (3632ms + 38331ms)
[129/150] running small model...
[129/150] running large model...
  sim=0.9055 small_sufficient=True (4267ms + 30584ms)
[130/150] running small model...
[130/150] running large model...
  sim=0.8700 small_sufficient=True (3587ms + 41102ms)
[131/150] running small model...
[131/150] running large model...
  sim=0.7892 small_sufficient=False (4629ms + 40725ms)
[132/150] running small model...
[132/150] running large model...
  sim=0.9293 small_sufficient=True (3041ms + 34761ms)
[133/150] running small model...
[133/150] running large model...
  sim=0.9341 small_sufficient=True (3234ms + 32706ms)
[134/150] running small model...
[134/150] running large model...
  sim=0.8875 small_sufficient=True (3269ms + 37499ms)
[135/150] running small model...
[135/150] running large model...
  sim=0.8183 small_sufficient=False (3747ms + 46336ms)
[136/150] running small model...
[136/150] running large model...
  sim=0.8557 small_sufficient=True (4132ms + 42577ms)
[137/150] running small model...
[137/150] running large model...
  sim=0.9046 small_sufficient=True (3433ms + 66973ms)
[138/150] running small model...
[138/150] running large model...
  sim=0.9076 small_sufficient=True (5784ms + 40305ms)
[139/150] running small model...
[139/150] running large model...
  sim=0.6631 small_sufficient=False (3636ms + 34927ms)
[140/150] running small model...
[140/150] running large model...
  sim=0.9265 small_sufficient=True (3006ms + 33252ms)
[141/150] running small model...
[141/150] running large model...
  sim=0.9429 small_sufficient=True (3564ms + 47972ms)
[142/150] running small model...
[142/150] running large model...
  sim=0.7055 small_sufficient=False (5754ms + 72829ms)
[143/150] running small model...
[143/150] running large model...
  sim=0.8077 small_sufficient=False (10455ms + 68315ms)
[144/150] running small model...
[144/150] running large model...
  sim=0.9211 small_sufficient=True (3993ms + 40925ms)
[145/150] running small model...
[145/150] running large model...
  sim=0.6992 small_sufficient=False (6947ms + 39296ms)
[146/150] running small model...
[146/150] running large model...
  sim=0.9246 small_sufficient=True (3200ms + 85306ms)
[147/150] running small model...
[147/150] running large model...
  sim=0.9175 small_sufficient=True (7872ms + 52426ms)
[148/150] running small model...
[148/150] running large model...
  sim=0.9348 small_sufficient=True (5570ms + 37858ms)
[149/150] running small model...
[149/150] running large model...
  sim=0.8486 small_sufficient=False (3816ms + 53172ms)
[150/150] running small model...
[150/150] running large model...
  sim=0.8230 small_sufficient=False (3574ms + 40061ms)
Appended 27 labeled rows to /Users/rohanmadan/ai-sdk/adaptive-router/data/labeled_requests.csv
