Backed up old labels to /Users/rohanmadan/ai-sdk/adaptive-router/data/labeled_requests_v1_backup.csv
[1/150] keep existing True label
[2/150] keep existing True label
[3/150] keep existing True label
[4/150] keep existing True label
[5/150] keep existing True label
[6/150] keep existing True label
[7/150] keep existing True label
[8/150] keep existing True label
[9/150] keep existing True label
[10/150] keep existing True label
[11/150] keep existing True label
Loading embedding model...
Warning: You are sending unauthenticated requests to the HF Hub. Please set a HF_TOKEN to enable higher rate limits and faster downloads.
Loading weights:   0%|          | 0/103 [00:00<?, ?it/s]Loading weights: 100%|██████████| 103/103 [00:00<00:00, 6665.43it/s]
[12/150] small model...
[12/150] large model...
  sim=0.8122 sufficient=True method=short_substring_match
[13/150] keep existing True label
[14/150] keep existing True label
[15/150] keep existing True label
[16/150] keep existing True label
[17/150] small model...
[17/150] large model...
  sim=0.7664 sufficient=True method=short_substring_match
[18/150] keep existing True label
[19/150] small model...
[19/150] large model...
  sim=0.4083 sufficient=True method=short_substring_match
[20/150] keep existing True label
[21/150] keep existing True label
[22/150] small model...
[22/150] large model...
  sim=0.8284 sufficient=False method=short_cosine
[23/150] small model...
[23/150] large model...
  sim=0.8071 sufficient=False method=long_cosine
[24/150] keep existing True label
[25/150] keep existing True label
[26/150] keep existing True label
[27/150] keep existing True label
[28/150] keep existing True label
[29/150] keep existing True label
[30/150] small model...
[30/150] large model...
  sim=0.7161 sufficient=True method=short_substring_match
[31/150] small model...
[31/150] large model...
  sim=0.8385 sufficient=True method=short_substring_match
[32/150] keep existing True label
[33/150] keep existing True label
[34/150] keep existing True label
[35/150] keep existing True label
[36/150] keep existing True label
[37/150] small model...
[37/150] large model...
  sim=0.8491 sufficient=False method=long_cosine
[38/150] keep existing True label
[39/150] small model...
[39/150] large model...
  sim=0.7401 sufficient=False method=short_cosine
[40/150] keep existing True label
[41/150] small model...
[41/150] large model...
  sim=0.7719 sufficient=True method=short_substring_match
[42/150] keep existing True label
[43/150] keep existing True label
[44/150] small model...
[44/150] large model...
  sim=0.7601 sufficient=False method=short_cosine
[45/150] keep existing True label
[46/150] keep existing True label
[47/150] keep existing True label
[48/150] keep existing True label
[49/150] small model...
[49/150] large model...
  sim=0.7771 sufficient=True method=short_substring_match
[50/150] keep existing True label
[51/150] keep existing True label
[52/150] small model...
[52/150] large model...
  sim=0.6622 sufficient=False method=long_cosine
[53/150] keep existing True label
[54/150] keep existing True label
[55/150] keep existing True label
[56/150] keep existing True label
[57/150] keep existing True label
[58/150] keep existing True label
[59/150] keep existing True label
[60/150] keep existing True label
[61/150] small model...
[61/150] large model...
  sim=0.8199 sufficient=False method=long_cosine
[62/150] keep existing True label
[63/150] keep existing True label
[64/150] keep existing True label
[65/150] keep existing True label
[66/150] keep existing True label
[67/150] keep existing True label
[68/150] small model...
[68/150] large model...
  sim=0.8287 sufficient=False method=long_cosine
[69/150] keep existing True label
[70/150] small model...
[70/150] large model...
  sim=0.8203 sufficient=False method=long_cosine
[71/150] keep existing True label
[72/150] keep existing True label
[73/150] keep existing True label
[74/150] small model...
[74/150] large model...
  sim=0.7621 sufficient=False method=long_cosine
[75/150] keep existing True label
[76/150] keep existing True label
[77/150] keep existing True label
[78/150] keep existing True label
[79/150] keep existing True label
[80/150] keep existing True label
[81/150] keep existing True label
[82/150] keep existing True label
[83/150] keep existing True label
[84/150] keep existing True label
[85/150] keep existing True label
[86/150] keep existing True label
[87/150] keep existing True label
[88/150] keep existing True label
[89/150] keep existing True label
[90/150] keep existing True label
[91/150] keep existing True label
[92/150] keep existing True label
[93/150] keep existing True label
[94/150] small model...
[94/150] large model...
  sim=0.8228 sufficient=False method=long_cosine
[95/150] keep existing True label
[96/150] keep existing True label
[97/150] keep existing True label
[98/150] keep existing True label
[99/150] keep existing True label
[100/150] keep existing True label
[101/150] keep existing True label
[102/150] keep existing True label
[103/150] small model...
[103/150] large model...
  sim=0.8149 sufficient=False method=long_cosine
[104/150] small model...
[104/150] large model...
  sim=0.8475 sufficient=False method=long_cosine
[105/150] small model...
[105/150] large model...
  sim=0.5716 sufficient=False method=long_cosine
[106/150] keep existing True label
[107/150] keep existing True label
[108/150] small model...
[108/150] large model...
  sim=0.7178 sufficient=False method=long_cosine
[109/150] keep existing True label
[110/150] keep existing True label
[111/150] small model...
[111/150] large model...
  sim=0.6358 sufficient=False method=long_cosine
[112/150] keep existing True label
[113/150] keep existing True label
[114/150] keep existing True label
[115/150] keep existing True label
[116/150] keep existing True label
[117/150] keep existing True label
[118/150] keep existing True label
[119/150] keep existing True label
[120/150] small model...
[120/150] large model...
  sim=0.8323 sufficient=False method=long_cosine
[121/150] keep existing True label
[122/150] keep existing True label
[123/150] keep existing True label
[124/150] small model...
[124/150] large model...
  sim=0.8352 sufficient=False method=long_cosine
[125/150] keep existing True label
[126/150] keep existing True label
[127/150] keep existing True label
[128/150] small model...
[128/150] large model...
  sim=0.5941 sufficient=False method=long_cosine
[129/150] keep existing True label
[130/150] keep existing True label
[131/150] small model...
[131/150] large model...
  sim=0.7892 sufficient=False method=long_cosine
[132/150] keep existing True label
[133/150] keep existing True label
[134/150] keep existing True label
[135/150] small model...
[135/150] large model...
  sim=0.8183 sufficient=False method=long_cosine
[136/150] keep existing True label
[137/150] keep existing True label
[138/150] keep existing True label
[139/150] small model...
[139/150] large model...
  sim=0.6631 sufficient=False method=long_cosine
[140/150] keep existing True label
[141/150] keep existing True label
[142/150] small model...
[142/150] large model...
  sim=0.7055 sufficient=False method=long_cosine
[143/150] small model...
[143/150] large model...
  sim=0.8077 sufficient=False method=long_cosine
[144/150] keep existing True label
[145/150] small model...
[145/150] large model...
  sim=0.6992 sufficient=False method=long_cosine
[146/150] keep existing True label
[147/150] keep existing True label
[148/150] keep existing True label
[149/150] small model...
[149/150] large model...
  sim=0.8486 sufficient=False method=long_cosine
[150/150] small model...
[150/150] large model...
  sim=0.8230 sufficient=False method=long_cosine

============================================================
RELABELING COMPLETE
============================================================
Total rows: 150
small_sufficient=True:  123 (82.0%)
small_sufficient=False: 27 (18.0%)
Labels changed: 7

Changed rows written to /Users/rohanmadan/ai-sdk/adaptive-router/data/label_changes.csv
                                   prompt old_small_sufficient new_small_sufficient         old_notes                                                                                new_notes
          What year did World War II end?                false                 true cosine_sim=0.8122 cosine_sim=0.8122; method=short_substring_match; short_output=true; substring_match=true
          What is the square root of 144?                false                 true cosine_sim=0.7664 cosine_sim=0.7664; method=short_substring_match; short_output=true; substring_match=true
           What is H2O commonly known as?                false                 true cosine_sim=0.4083 cosine_sim=0.4083; method=short_substring_match; short_output=true; substring_match=true
How many states are in the United States?                false                 true cosine_sim=0.7161 cosine_sim=0.7161; method=short_substring_match; short_output=true; substring_match=true
       What is the smallest prime number?                false                 true cosine_sim=0.8385 cosine_sim=0.8385; method=short_substring_match; short_output=true; substring_match=true
            How many weeks are in a year?                false                 true cosine_sim=0.7719 cosine_sim=0.7719; method=short_substring_match; short_output=true; substring_match=true
   How many players are on a soccer team?                false                 true cosine_sim=0.7771 cosine_sim=0.7771; method=short_substring_match; short_output=true; substring_match=true
